[www.dangilroy.com/index.html]
[www.dangilroy.com/wp-content/cache/autoptimize/css/autoptimize_0e1b5559e852493a7712ddab072ae0c7.css]
[www.dangilroy.com/wp-content/cache/autoptimize/css/autoptimize_1947507dbe058c274f5b1689dcf2b34a.css]
[backblue.gif]
[fade.gif]
[index.html]
[www.dangilroy.com/wp-content/uploads/2022/04/template-dgd-hero-2022-1.jpg]
[www.dangilroy.com/wp-includes/js/jquery/jquery.minaf6c.js]
[www.dangilroy.com/comments/feed/index.html]
[www.dangilroy.com/feed/index.html]
[www.dangilroy.com/wp-json/index.html]
[www.dangilroy.com/wp-json/wp/v2/pages/7.json]
[www.dangilroy.com/xmlrpc0db0.php]
[www.dangilroy.com/wp-includes/wlwmanifest.xml]
[www.dangilroy.com/wp-json/oembed/1.0/embed603d.json]
[www.dangilroy.com/wp-json/oembed/1.0/embede0f4]
[www.dangilroy.com/wp-content/uploads/2022/04/cropped-favicon-32x32.png]
[www.dangilroy.com/wp-content/uploads/2022/04/cropped-favicon-192x192.png]
[www.dangilroy.com/wp-content/uploads/2022/04/cropped-favicon-180x180.png]
[unpkg.com/aos@2.3.1/dist/aos.css]
[cdnjs.cloudflare.com/ajax/libs/animate.css/4.1.1/animate.min.css]
[kit.fontawesome.com/6e1d190ad0.js]
[www.google-analytics.com/analytics.js]
[www.dangilroy.com/wp-content/themes/dgd2021/images/2021/logo/Dan-Gilroy-Design-2022-4.png]
[www.dangilroy.com/wp-content/uploads/2022/01/olson-booksby-1.jpg]
[www.dangilroy.com/law-firm-website-design/index.html]
[www.dangilroy.com/wp-content/uploads/2022/04/grammata_1920x1080-1.jpg]
[www.dangilroy.com/request-a-quote/index.html]
[www.dangilroy.com/wp-content/uploads/2022/02/toddrosenlaw_765x430.jpg]
[www.dangilroy.com/law-firm-logo-design/index.html]
[www.dangilroy.com/wp-content/uploads/2022/02/keatingjones_765x430.jpg]
[www.dangilroy.com/lawyer-website-design/index.html]
[www.dangilroy.com/wp-content/uploads/2022/01/thompsonlawllc_765x430.jpg]
[www.dangilroy.com/mid-sized-law-firm-website-design/index.html]
[www.dangilroy.com/small-law-firm-website-design/index.html]
[www.dangilroy.com/wp-content/uploads/2022/02/bmj_1920x1080-1.jpg]
[www.dangilroy.com/website-design-for-mediators/index.html]
[www.dangilroy.com/law-firm-landing-page-design/index.html]
[www.dangilroy.com/lawyer-seo/index.html]
[www.dangilroy.com/wp-content/uploads/2022/02/sbhlegal_765x430-2.jpg]
[www.dangilroy.com/law-firm-website-designer/index.html]
[www.dangilroy.com/attorney-website-design-reviews/index.html]
[www.dangilroy.com/blog/index.html]
[www.dangilroy.com/contact/index.html]
[www.dangilroy.com/portfolio/client/olson-brooksby/index.html]
[www.dangilroy.com/wp-content/uploads/2022/04/thenell_1920x1080-1.jpg]
[www.dangilroy.com/portfolio/client/todd-rosen-law/index.html]
[www.dangilroy.com/wp-content/uploads/2022/02/zacharysmithmediation_765x430.jpg]
[www.dangilroy.com/portfolio/client/keating-jones-hughes-p-c/index.html]
[www.dangilroy.com/portfolio/client/grammata-law-firm/index.html]
[www.dangilroy.com/portfolio/client/thompson-law/index.html]
[www.dangilroy.com/wp-content/uploads/2022/01/johnspellacy_765x430.jpg]
[www.dangilroy.com/portfolio/client/baker-manock-jensen/index.html]
[www.dangilroy.com/portfolio/client/sbh-legal/index.html]
[www.dangilroy.com/wp-content/uploads/2022/03/beeman_1920x1080-1.jpg]
[www.dangilroy.com/portfolio/client/thenell-law-group/index.html]
[www.dangilroy.com/portfolio/client/zachary-smith-mediation/index.html]
[www.dangilroy.com/wp-content/uploads/2022/03/law-firm-marketing-tips-blue.jpg]
[www.dangilroy.com/portfolio/client/john-spellacy-law/index.html]
[www.dangilroy.com/san-francisco-mediation-website-launched-for-the-hon-paul-l-beeman-ret/index.html]
[www.dangilroy.com/wp-content/uploads/2022/01/laurel-bw.jpg]
[www.dangilroy.com/five-tips-to-better-law-firm-web-design/index.html]
[www.dangilroy.com/wp-content/uploads/2022/01/laurel-bw.jpg.webp]
[www.dangilroy.com/wp-content/uploads/2022/04/beeman2.jpg]
[www.dangilroy.com/wp-content/uploads/2022/04/beeman2.jpg.webp]
[www.dangilroy.com/wp-content/uploads/2022/02/kgabler.jpg]
[www.dangilroy.com/wp-content/uploads/2022/02/kgabler.jpg.webp]
[www.dangilroy.com/wp-content/uploads/2022/04/jspellacy2jpg.jpg]
[www.dangilroy.com/wp-content/uploads/2022/04/jspellacy2jpg.jpg.webp]
[www.dangilroy.com/wp-content/uploads/2022/02/boag-bw-1.jpg]
[www.dangilroy.com/wp-content/uploads/2022/02/boag-bw-1.jpg.webp]
[www.dangilroy.com/wp-content/uploads/2022/02/ljaye.jpg]
[www.dangilroy.com/wp-content/uploads/2022/02/ljaye.jpg.webp]
[www.dangilroy.com/wp-content/uploads/2022/02/zsmith.jpg]
[www.dangilroy.com/wp-content/uploads/2022/02/zsmith.jpg.webp]
[www.dangilroy.com/wp-content/uploads/2022/01/rsmith-bw.jpg]
[www.dangilroy.com/wp-content/uploads/2022/01/rsmith-bw.jpg.webp]
[www.dangilroy.com/wp-content/themes/dgd2021/images/logo/footer/dan-gilroy-design.png]
[cdn.userway.org/widget.js]
[www.statcounter.com/counter/counter.js]
[www.dangilroy.com/privacy-policy/index.html]
[www.dangilroy.com/index.html]
[www.dangilroy.com/wp-content/cache/autoptimize/js/autoptimize_03c1c4630bc08f6ba020167c9997fbeb.js]
[www.dangilroy.com/sitemap/index.html]
[www.dangilroy.com/wp-content/plugins/formidable/images/ajax_loader.gif]
[www.dangilroy.com/wp-content/themes/dgd2021/assets-owl/owlcarousel/assets/owl.video.play.png]
[www.dangilroy.com/wp-content/cache/autoptimize/css/autoptimize_0e1b5559e852493a7712ddab072ae0c7.css]
[www.dangilroy.com/wp-content/cache/autoptimize/css/autoptimize_1947507dbe058c274f5b1689dcf2b34a.css]
[www.dangilroy.com/xmlrpc0db0.html]
[unpkg.com/aos@2.3.1/dist/aos.css]
[cdnjs.cloudflare.com/ajax/libs/animate.css/4.1.1/animate.min.css]
[www.dangilroy.com/wp-json/wp/v2/pages/1144.json]
[www.dangilroy.com/wp-json/oembed/1.0/embeda252.json]
[www.dangilroy.com/wp-json/oembed/1.0/embedbfbd]
[www.google.com/recaptcha/apid369.js]
[www.dangilroy.com/quick-contact-form/index.html]
[www.dangilroy.com/request-a-quote/index.html]
[www.dangilroy.com/wp-content/cache/autoptimize/js/autoptimize_4e2b092a0729d07da23752113682af12.js]
[www.dangilroy.com/wp-json/wp/v2/pages/12.json]
[www.dangilroy.com/wp-json/oembed/1.0/embed9b79.json]
[www.dangilroy.com/wp-json/oembed/1.0/embedf8b4]
[www.dangilroy.com/wp-content/uploads/2022/02/olsonbrooksby_765x430-2.jpg]
[www.dangilroy.com/wp-content/uploads/2022/02/boag_765x430.jpg]
[www.dangilroy.com/wp-content/uploads/2022/02/martinisfarley_765x430.jpg]
[www.dangilroy.com/portfolio/client/boag-ip/index.html]
[www.dangilroy.com/wp-content/uploads/2022/02/gelinas_765x430.jpg]
[www.dangilroy.com/portfolio/client/gelinas-law-offices/index.html]
[www.dangilroy.com/wp-content/uploads/2022/02/btnl_765x430.jpg]
[www.dangilroy.com/portfolio/client/martinis-farley/index.html]
[www.dangilroy.com/portfolio/client/barze-taylor-noles-lowther/index.html]
[www.dangilroy.com/wp-content/uploads/2022/01/blackhelterline_765x430.jpg]
[www.dangilroy.com/portfolio/client/black-helterline/index.html]
[www.dangilroy.com/wp-content/uploads/2022/02/lamano_765x430.jpg]
[www.dangilroy.com/portfolio/client/lamano-law/index.html]
[www.dangilroy.com/wp-content/uploads/2022/02/onetecfamilylaw_765x430.jpg]
[www.dangilroy.com/wp-content/uploads/2022/02/rosen_1920x1080-1.jpg]
[www.dangilroy.com/portfolio/client/onetec-family-law/index.html]
[www.dangilroy.com/wp-content/uploads/2022/01/hendersonlaw_765x430.jpg]
[www.dangilroy.com/portfolio/client/henderson-law/index.html]
[www.dangilroy.com/wp-content/uploads/2022/02/lightgabler_765x430.jpg]
[www.dangilroy.com/portfolio/client/lightgabler/index.html]
[www.dangilroy.com/law-firm-website-design/index.html]
[www.dangilroy.com/wp-content/uploads/2022/02/shakhnis_765x430.jpg]
[www.dangilroy.com/portfolio/client/shakhnis-law/index.html]
[www.dangilroy.com/wp-json/wp/v2/pages/46.json]
[www.dangilroy.com/wp-json/oembed/1.0/embed4d63.json]
[www.dangilroy.com/wp-json/oembed/1.0/embed1962]
[www.dangilroy.com/wp-content/uploads/2022/02/alexis-haller.jpg]
[www.dangilroy.com/wp-content/uploads/2022/02/askew-mazel.jpg]
[www.dangilroy.com/wp-content/uploads/2022/02/brix-law-logo.jpg]
[www.dangilroy.com/wp-content/uploads/2022/02/chernoff.jpg]
[www.dangilroy.com/wp-content/uploads/2022/02/christoff-law.jpg]
[www.dangilroy.com/wp-content/uploads/2022/02/comitz-stanley.jpg]
[www.dangilroy.com/wp-content/uploads/2022/02/devos-law-firm.jpg]
[www.dangilroy.com/wp-content/uploads/2022/02/furman-kornfeld-brennan.jpg]
[www.dangilroy.com/wp-content/uploads/2022/02/gilroy-napoli-short.jpg]
[www.dangilroy.com/wp-content/uploads/2022/02/hall-griffin.jpg]
[www.dangilroy.com/wp-content/uploads/2022/02/hess-bower-adams-hess.jpg]
[www.dangilroy.com/wp-content/uploads/2022/02/hewitt.jpg]
[www.dangilroy.com/wp-content/uploads/2022/02/hortoon-knox.jpg]
[www.dangilroy.com/wp-content/uploads/2022/02/jack-tolliver.jpg]
[www.dangilroy.com/wp-content/uploads/2022/02/jared-justice.jpg]
[www.dangilroy.com/wp-content/uploads/2022/02/jaye.jpg]
[www.dangilroy.com/wp-content/uploads/2022/02/john-spellacy.jpg]
[www.dangilroy.com/wp-content/uploads/2022/02/joines.jpg]
[www.dangilroy.com/wp-content/uploads/2022/02/jones-ammann.jpg]
[www.dangilroy.com/wp-content/uploads/2022/02/kellington.jpg]
[www.dangilroy.com/wp-content/uploads/2022/02/lamano-law.jpg]
[www.dangilroy.com/wp-content/uploads/2022/02/mark-lehocky.jpg]
[www.dangilroy.com/wp-content/uploads/2022/02/mcnamara-smith.jpg]
[www.dangilroy.com/wp-content/uploads/2022/02/parker-law.jpg]
[www.dangilroy.com/wp-content/uploads/2022/02/parsons-farnell-grein.jpg]
[www.dangilroy.com/wp-content/uploads/2022/02/peak-franshise-law.jpg]
[www.dangilroy.com/wp-content/uploads/2022/02/sbh-legal.jpg]
[www.dangilroy.com/wp-content/uploads/2022/02/thompson-law.jpg]
[www.dangilroy.com/wp-content/uploads/2022/02/todd-rosen-law-group.jpg]
[www.dangilroy.com/wp-content/uploads/2022/02/vogt-long.jpg]
[www.dangilroy.com/wp-content/uploads/2022/02/volentine-whitt.jpg]
[www.dangilroy.com/law-firm-logo-design/index.html]
[www.dangilroy.com/wp-content/uploads/2022/02/wagener-law.jpg]
[www.dangilroy.com/wp-json/wp/v2/pages/56.json]
[www.dangilroy.com/wp-json/oembed/1.0/embed392f.json]
[www.dangilroy.com/wp-json/oembed/1.0/embed9f40]
[www.dangilroy.com/wp-content/uploads/2022/02/thompson_1920x1080-4.jpg]
[www.dangilroy.com/wp-content/uploads/2022/02/thompson_1920x1080-4.jpg.webp]
[www.dangilroy.com/wp-content/uploads/2022/03/hathaway-larson_1920x1080-1.jpg]
[www.dangilroy.com/wp-content/uploads/2022/03/hathaway-larson_1920x1080-1.jpg.webp]
[www.dangilroy.com/portfolio/client/hathaway-larson/index.html]
[www.dangilroy.com/wp-content/uploads/2022/02/martinis-farley_1920x1080-1.jpg]
[www.dangilroy.com/wp-content/uploads/2022/02/martinis-farley_1920x1080-1.jpg.webp]
[www.dangilroy.com/wp-content/uploads/2022/02/onetec_1920x1080-1.jpg]
[www.dangilroy.com/wp-content/uploads/2022/02/onetec_1920x1080-1.jpg.webp]
[www.dangilroy.com/lawyer-website-design/index.html]
[www.dangilroy.com/wp-json/wp/v2/pages/20.json]
[www.dangilroy.com/wp-json/oembed/1.0/embed3cee.json]
[www.dangilroy.com/wp-json/oembed/1.0/embedc0ac]
[www.dangilroy.com/wp-content/uploads/2022/02/rosen_1920x1080-3.jpg]
[www.dangilroy.com/wp-content/uploads/2022/02/lamano_1920x1080-1.jpg]
[www.dangilroy.com/wp-content/uploads/2022/02/thompson_1920x1080-1.jpg]
[www.dangilroy.com/wp-content/uploads/2022/02/spellacy_1920x1080-1.jpg]
[www.dangilroy.com/wp-content/uploads/2022/02/boag_1920x1080-1.jpg]
[www.dangilroy.com/small-law-firm-website-design/index.html]
[www.dangilroy.com/wp-content/uploads/2022/02/henderson_1920x1080-1.jpg]
[www.dangilroy.com/wp-json/wp/v2/pages/22.json]
[www.dangilroy.com/wp-json/oembed/1.0/embedb3c8.json]
[www.dangilroy.com/wp-json/oembed/1.0/embed90c0]
[www.dangilroy.com/wp-content/uploads/2022/01/bakermanock_765x430.jpg]
[www.dangilroy.com/wp-content/uploads/2022/02/sbh_legal_1920x1080-1.jpg]
[www.dangilroy.com/wp-content/uploads/2022/03/fkb_1920x1080-1.jpg]
[www.dangilroy.com/wp-content/uploads/2022/02/lightgabler_1920x1080-1.jpg]
[www.dangilroy.com/portfolio/client/furman-kornfeld-brennan/index.html]
[www.dangilroy.com/wp-content/uploads/2022/02/btnl_1920x1080-1.jpg]
[www.dangilroy.com/wp-content/uploads/2022/03/smoklaw_1920x1080-1.jpg]
[www.dangilroy.com/mid-sized-law-firm-website-design/index.html]
[www.dangilroy.com/wp-content/uploads/2022/02/black-helterline_1920x1080-1.jpg]
[www.dangilroy.com/portfolio/client/scarborough-mcneese-oelke-kilkenny-pc/index.html]
[www.dangilroy.com/wp-json/wp/v2/pages/24.json]
[www.dangilroy.com/wp-json/oembed/1.0/embed00eb.json]
[www.dangilroy.com/wp-json/oembed/1.0/embed95e9]
[www.dangilroy.com/wp-content/uploads/2022/02/zachsmith_1920x1080-4.jpg]
[www.dangilroy.com/wp-content/uploads/2022/03/vermilyea_1920x1080-1-1.jpg]
[www.dangilroy.com/portfolio/client/vermilyea-mediation/index.html]
[www.dangilroy.com/portfolio/client/eve-miller-mediation/index.html]
[www.dangilroy.com/portfolio/client/beeman-mediation/index.html]
[www.dangilroy.com/wp-content/uploads/2022/03/eve-miller_1920x1080-1.jpg]
[www.dangilroy.com/wp-content/uploads/2022/03/blunck_1920x1080-1.jpg]
[www.dangilroy.com/website-design-for-mediators/index.html]
[www.dangilroy.com/portfolio/client/blunck-law/index.html]
[www.dangilroy.com/wp-content/uploads/2022/03/mccarthy_1920x1080-1.jpg]
[www.dangilroy.com/portfolio/client/mccarthy-adr-services/index.html]
[www.dangilroy.com/wp-json/wp/v2/pages/26.json]
[www.dangilroy.com/wp-json/oembed/1.0/embed2d72.json]
[www.dangilroy.com/wp-json/oembed/1.0/embed096e]
[www.dangilroy.com/wp-content/uploads/2022/03/hillsboro-injury_1920x1080-1.jpg]
[www.dangilroy.com/wp-content/uploads/2022/03/oakland-dui_1920x1080-1.jpg]
[www.dangilroy.com/portfolio/client/hillsboro-injury-attorneys/index.html]
[www.dangilroy.com/portfolio/client/oakland-dui-attorneys/index.html]
[www.dangilroy.com/wp-content/uploads/2022/03/medford-dui_1920x1080-1.jpg]
[www.dangilroy.com/portfolio/client/medford-dui-attorneys/index.html]
[www.dangilroy.com/wp-content/uploads/2022/03/zanotelli_1920x1080-1.jpg]
[www.dangilroy.com/law-firm-landing-page-design/index.html]
[www.dangilroy.com/portfolio/client/brian-zanotelli/index.html]
[www.dangilroy.com/wp-content/uploads/2022/03/olg_1920x1080-1.jpg]
[www.dangilroy.com/wp-content/uploads/2022/03/law-firm-seo-tips.jpg]
[www.dangilroy.com/portfolio/client/oregon-law-group/index.html]
[www.dangilroy.com/wp-json/wp/v2/pages/201.json]
[www.dangilroy.com/wp-json/oembed/1.0/embedff07.json]
[www.dangilroy.com/wp-json/oembed/1.0/embed2d2d]
[www.dangilroy.com/lawyer-seo/index.html]
[www.dangilroy.com/wp-json/wp/v2/pages/52.json]
[www.dangilroy.com/wp-json/oembed/1.0/embedf97a.json]
[www.dangilroy.com/wp-json/oembed/1.0/embed1082]
[www.dangilroy.com/wp-content/themes/dgd2021/images/2021/misc/dgd-fam-1.jpg]
[www.dangilroy.com/wp-content/themes/dgd2021/images/2021/misc/ryan-fam.jpg]
[www.dangilroy.com/wp-content/themes/dgd2021/images/2021/misc/greg.jpg]
[www.dangilroy.com/wp-content/themes/dgd2021/images/2021/misc/syd.jpg]
[www.dangilroy.com/law-firm-website-designer/index.html]
[www.dangilroy.com/wp-content/themes/dgd2021/images/2021/misc/lee.jpg]
[www.dangilroy.com/wp-json/wp/v2/pages/48.json]
[www.dangilroy.com/wp-json/oembed/1.0/embed26fe.json]
[www.dangilroy.com/wp-json/oembed/1.0/embededdc]
[www.dangilroy.com/wp-content/plugins/business-reviews-bundle/assets/img/google_avatar.png]
[www.dangilroy.com/attorney-website-design-reviews/index.html]
[www.dangilroy.com/wp-content/uploads/2022/02/keating-jones_1920x1080-1.jpg]
[www.dangilroy.com/wp-content/uploads/2022/03/bmj_1920x1080-10.jpg]
[www.dangilroy.com/blog/index.html]
[www.dangilroy.com/oregon-defense-firm-focused-on-defending-medical-and-healthcare-providers-launches-new-website/index.html]
[www.dangilroy.com/wp-content/uploads/2022/03/spellacy_1920x1080-5.jpg]
[www.dangilroy.com/central-california-law-firm-baker-manock-jensen-unveils-new-website/index.html]
[www.dangilroy.com/new-york-intellectual-property-law-firm-launches-new-website/index.html]
[www.dangilroy.com/florida-criminal-defense-attorney-launches-new-website-and-brand/index.html]
[www.dangilroy.com/wp-json/wp/v2/pages/32.json]
[www.dangilroy.com/wp-json/oembed/1.0/embedea8d.json]
[www.dangilroy.com/wp-json/oembed/1.0/embed68ac]
[www.dangilroy.com/contact/index.html]
[www.dangilroy.com/wp-json/wp/v2/pages/250.json]
[www.dangilroy.com/wp-json/oembed/1.0/embed8b98.json]
[www.dangilroy.com/wp-json/oembed/1.0/embed41be]
[www.dangilroy.com/wp-content/uploads/2022/01/olson-booksby-3.jpg]
[www.dangilroy.com/portfolio/client/olson-brooksby/index.html]
[www.dangilroy.com/wp-content/uploads/2022/01/olson-booksby-4.jpg]
[www.dangilroy.com/wp-json/wp/v2/pages/1718.json]
[www.dangilroy.com/wp-json/oembed/1.0/embedf38a.json]
[www.dangilroy.com/wp-json/oembed/1.0/embedfefc]
[www.dangilroy.com/wp-content/uploads/2022/04/grammata_1920x1080-3.jpg]
[www.dangilroy.com/wp-content/uploads/2022/04/grammata_1920x1080-2.jpg]
[www.dangilroy.com/portfolio/client/grammata-law-firm/index.html]
[www.dangilroy.com/wp-content/uploads/2022/04/grammata_1920x1080-4.jpg]
[www.dangilroy.com/wp-json/wp/v2/pages/286.json]
[www.dangilroy.com/wp-json/oembed/1.0/embed07f7.json]
[www.dangilroy.com/wp-json/oembed/1.0/embede404]
[www.dangilroy.com/wp-content/uploads/2022/02/rosen_1920x1080-4.jpg]
[www.dangilroy.com/portfolio/client/todd-rosen-law/index.html]
[www.dangilroy.com/wp-content/uploads/2022/02/rosen_1920x1080-2.jpg]
[www.dangilroy.com/wp-json/wp/v2/pages/309.json]
[www.dangilroy.com/wp-json/oembed/1.0/embedf2d3.json]
[www.dangilroy.com/wp-json/oembed/1.0/embeda00f]
[www.dangilroy.com/wp-content/uploads/2022/02/keating-jones_1920x1080-2.jpg]
[www.dangilroy.com/wp-content/uploads/2022/02/keating-jones_1920x1080-4.jpg]
[www.dangilroy.com/portfolio/client/keating-jones-hughes-p-c/index.html]
[www.dangilroy.com/wp-content/uploads/2022/02/keating-jones_1920x1080-8.jpg]
[www.dangilroy.com/wp-json/wp/v2/pages/353.json]
[www.dangilroy.com/wp-json/oembed/1.0/embed19a2.json]
[www.dangilroy.com/wp-json/oembed/1.0/embed4973]
[www.dangilroy.com/wp-content/uploads/2022/02/thompson_1920x1080-6-1.jpg]
[www.dangilroy.com/portfolio/client/thompson-law/index.html]
[www.dangilroy.com/wp-content/uploads/2022/02/thompson_1920x1080-2.jpg]
[www.dangilroy.com/wp-json/wp/v2/pages/365.json]
[www.dangilroy.com/wp-json/oembed/1.0/embed8fd4.json]
[www.dangilroy.com/wp-json/oembed/1.0/embed9a05]
[www.dangilroy.com/wp-content/uploads/2022/02/bmj_1920x1080-8.jpg]
[www.dangilroy.com/wp-content/uploads/2022/02/bmj_1920x1080-4.jpg]
[www.dangilroy.com/portfolio/client/baker-manock-jensen/index.html]
[www.dangilroy.com/wp-content/uploads/2022/02/bmj_1920x1080-7.jpg]
[www.dangilroy.com/wp-json/wp/v2/pages/277.json]
[www.dangilroy.com/wp-json/oembed/1.0/embed1b68.json]
[www.dangilroy.com/wp-json/oembed/1.0/embed8db5]
[www.dangilroy.com/wp-content/uploads/2022/02/sbh_legal_1920x1080-2.jpg]
[www.dangilroy.com/wp-content/uploads/2022/02/sbh_legal_1920x1080-3.jpg]
[www.dangilroy.com/wp-content/uploads/2022/02/sbh_legal_1920x1080-4.jpg]
[www.dangilroy.com/portfolio/client/sbh-legal/index.html]
[www.dangilroy.com/wp-content/uploads/2022/02/sbh_legal_1920x1080-5.jpg]
[www.dangilroy.com/wp-json/wp/v2/pages/1729.json]
[www.dangilroy.com/wp-json/oembed/1.0/embedc7fd.json]
[www.dangilroy.com/wp-json/oembed/1.0/embedee3b]
[www.dangilroy.com/wp-content/uploads/2022/04/thenell_1920x1080-3.jpg]
[www.dangilroy.com/portfolio/client/thenell-law-group/index.html]
[www.dangilroy.com/wp-content/uploads/2022/04/thenell_1920x1080-2.jpg]
[www.dangilroy.com/wp-json/wp/v2/pages/404.json]
[www.dangilroy.com/wp-json/oembed/1.0/embedadf4.json]
[www.dangilroy.com/wp-json/oembed/1.0/embed1e7c]
[www.dangilroy.com/wp-content/uploads/2022/02/zachsmith_1920x1080-2.jpg]
[www.dangilroy.com/wp-content/uploads/2022/02/zachsmith_1920x1080-3.jpg]
[www.dangilroy.com/portfolio/client/zachary-smith-mediation/index.html]
[www.dangilroy.com/wp-content/uploads/2022/02/zachsmith_1920x1080-5.jpg]
[www.dangilroy.com/wp-json/wp/v2/pages/335.json]
[www.dangilroy.com/wp-json/oembed/1.0/embed8b9c.json]
[www.dangilroy.com/wp-json/oembed/1.0/embeda57b]
[www.dangilroy.com/wp-content/uploads/2022/02/spellacy_1920x1080-2.jpg]
[www.dangilroy.com/wp-content/uploads/2022/02/spellacy_1920x1080-3.jpg]
[www.dangilroy.com/portfolio/client/john-spellacy-law/index.html]
[www.dangilroy.com/wp-content/uploads/2022/02/spellacy_1920x1080-4.jpg]
[www.dangilroy.com/wp-json/wp/v2/posts/1244.json]
[www.dangilroy.com/san-francisco-mediation-website-launched-for-the-hon-paul-l-beeman-ret/feed/index.html]
[www.dangilroy.com/wp-json/oembed/1.0/embed8ebf.json]
[www.dangilroy.com/wp-json/oembed/1.0/embed53a1]
[www.dangilroy.com/san-francisco-mediation-website-launched-for-the-hon-paul-l-beeman-ret/index.html]
[www.dangilroy.com/wp-content/uploads/2022/03/beeman_1920x1080-5-1024x576.jpg]
[www.dangilroy.com/category/new-law-firm-website/index.html]
[www.dangilroy.com/five-tips-to-better-law-firm-web-design/feed/index.html]
[www.dangilroy.com/wp-json/wp/v2/posts/98.json]
[www.dangilroy.com/wp-json/oembed/1.0/embed06a6.json]
[www.dangilroy.com/wp-json/oembed/1.0/embedf818]
[www.dangilroy.com/five-tips-to-better-law-firm-web-design/index.html]
[www.dangilroy.com/wp-json/wp/v2/pages/54.json]
[www.dangilroy.com/category/law-firm-marketing-tips/index.html]
[www.dangilroy.com/wp-json/oembed/1.0/embed0e9d.json]
[www.dangilroy.com/wp-json/oembed/1.0/embed0431]
[www.dangilroy.com/privacy-policy/index.html]
[www.dangilroy.com/wp-content/cache/autoptimize/css/autoptimize_8c849d6bf70113639ba5d0d31c8a5022.css]
[www.dangilroy.com/wp-json/wp/v2/pages/1653.json]
[www.dangilroy.com/wp-json/oembed/1.0/embed14b3.json]
[www.dangilroy.com/wp-json/oembed/1.0/embed43c6]
[www.dangilroy.com/sitemap/index.html]
[www.dangilroy.com/new-mexico-law-firm-website-design/index.html]
[www.dangilroy.com/real-estate-attorney-website-design/index.html]
[www.dangilroy.com/defense-attorney-websites/index.html]
[www.dangilroy.com/florida-law-firm-website-design/index.html]
[www.dangilroy.com/portland-lawyer-website-design/index.html]
[www.dangilroy.com/_8.src]
[www.dangilroy.com/portland-law-firm-website-design/index.html]
[www.dangilroy.com/florida-injury-lawyer-website-design/index.html]
[www.dangilroy.com/personal-injury-website-design/index.html]
[www.dangilroy.com/statcounter.com/counter/counter.js]
[www.dangilroy.com/new-york-law-firm-website-design/index.html]
[www.dangilroy.com/portfolio/index.html]
[www.dangilroy.com/portfolio/client/index.html]
[www.dangilroy.com/portfolio/client/jim-vogele/index.html]
[www.dangilroy.com/statcounter.com/counter/counter_test.js]
[www.dangilroy.com/thank-you/index.html]
[www.statcounter.com/counter/counter.js]
[www.dangilroy.com/index1723.html]
[www.statcounter.com/counter/recorder.js]
[www.dangilroy.com/statcounter.com/localstorage/index.html]
[www.dangilroy.com/wp-json/wp/v2/pages/1559.json]
[www.dangilroy.com/wp-json/oembed/1.0/embedbcf6.json]
[www.dangilroy.com/wp-json/oembed/1.0/embedc564]
[www.dangilroy.com/quick-contact-form/index.html]
[www.dangilroy.com/index678b.html]
[www.dangilroy.com/wp-json/wp/v2/pages/264.json]
[www.dangilroy.com/wp-json/oembed/1.0/embedc115.json]
[www.dangilroy.com/wp-json/oembed/1.0/embedb517]
[www.dangilroy.com/wp-content/uploads/2022/02/boag_1920x1080-4.jpg]
[www.dangilroy.com/wp-content/uploads/2022/02/boag_1920x1080-2.jpg]
[www.dangilroy.com/portfolio/client/boag-ip/index.html]
[www.dangilroy.com/wp-content/uploads/2022/02/boag_1920x1080-5.jpg]
[www.dangilroy.com/wp-json/wp/v2/pages/294.json]
[www.dangilroy.com/wp-json/oembed/1.0/embed5421.json]
[www.dangilroy.com/wp-json/oembed/1.0/embeda151]
[www.dangilroy.com/wp-content/uploads/2022/02/martinis-farley_1920x1080-3.jpg]
[www.dangilroy.com/wp-content/uploads/2022/02/martinis-farley_1920x1080-2.jpg]
[www.dangilroy.com/portfolio/client/martinis-farley/index.html]
[www.dangilroy.com/wp-content/uploads/2022/02/martinis-farley_1920x1080-4.jpg]
[www.dangilroy.com/wp-json/wp/v2/pages/300.json]
[www.dangilroy.com/wp-json/oembed/1.0/embed86b3.json]
[www.dangilroy.com/wp-json/oembed/1.0/embed8dbb]
[www.dangilroy.com/wp-content/uploads/2022/02/gelinas_1920x1080-1.jpg]
[www.dangilroy.com/wp-content/uploads/2022/02/gelinas_1920x1080-4.jpg]
[www.dangilroy.com/wp-content/uploads/2022/02/gelinas_1920x1080-2.jpg]
[www.dangilroy.com/portfolio/client/gelinas-law-offices/index.html]
[www.dangilroy.com/wp-content/uploads/2022/02/gelinas_1920x1080-3.jpg]
[www.dangilroy.com/wp-json/wp/v2/pages/318.json]
[www.dangilroy.com/wp-json/oembed/1.0/embedac86.json]
[www.dangilroy.com/wp-json/oembed/1.0/embed3138]
[www.dangilroy.com/wp-content/uploads/2022/02/btnl_1920x1080-2.jpg]
[www.dangilroy.com/wp-content/uploads/2022/02/btnl_1920x1080-3.jpg]
[www.dangilroy.com/portfolio/client/barze-taylor-noles-lowther/index.html]
[www.dangilroy.com/wp-content/uploads/2022/02/btnl_1920x1080-4.jpg]
[www.dangilroy.com/wp-json/wp/v2/pages/327.json]
[www.dangilroy.com/wp-json/oembed/1.0/embedefe3.json]
[www.dangilroy.com/wp-json/oembed/1.0/embed5680]
[www.dangilroy.com/wp-content/uploads/2022/02/black-helterline_1920x1080-4.jpg]
[www.dangilroy.com/wp-content/uploads/2022/02/black-helterline_1920x1080-2.jpg]
[www.dangilroy.com/portfolio/client/black-helterline/index.html]
[www.dangilroy.com/wp-content/uploads/2022/02/black-helterline_1920x1080-3.jpg]
[www.dangilroy.com/wp-json/wp/v2/pages/379.json]
[www.dangilroy.com/wp-json/oembed/1.0/embed45c2.json]
[www.dangilroy.com/wp-json/oembed/1.0/embedf090]
[www.dangilroy.com/wp-content/uploads/2022/02/lamano_1920x1080-2.jpg]
[www.dangilroy.com/wp-content/uploads/2022/02/lamano_1920x1080-3.jpg]
[www.dangilroy.com/portfolio/client/lamano-law/index.html]
[www.dangilroy.com/wp-content/uploads/2022/02/lamano_1920x1080-4.jpg]
[www.dangilroy.com/wp-json/wp/v2/pages/386.json]
[www.dangilroy.com/wp-json/oembed/1.0/embed7d75.json]
[www.dangilroy.com/wp-json/oembed/1.0/embed85b7]
[www.dangilroy.com/wp-content/uploads/2022/02/onetec_1920x1080-2.jpg]
[www.dangilroy.com/portfolio/client/onetec-family-law/index.html]
[www.dangilroy.com/wp-content/uploads/2022/02/onetec_1920x1080-3-1.jpg]
[www.dangilroy.com/wp-json/wp/v2/pages/396.json]
[www.dangilroy.com/wp-json/oembed/1.0/embed98ab.json]
[www.dangilroy.com/wp-json/oembed/1.0/embed6923]
[www.dangilroy.com/wp-content/uploads/2022/02/henderson_1920x1080-2.jpg]
[www.dangilroy.com/wp-content/uploads/2022/02/henderson_1920x1080-3.jpg]
[www.dangilroy.com/wp-content/uploads/2022/02/henderson_1920x1080-4.jpg]
[www.dangilroy.com/portfolio/client/henderson-law/index.html]
[www.dangilroy.com/wp-content/uploads/2022/02/henderson_1920x1080-5.jpg]
[www.dangilroy.com/wp-json/wp/v2/pages/420.json]
[www.dangilroy.com/wp-json/oembed/1.0/embed50cb.json]
[www.dangilroy.com/wp-json/oembed/1.0/embedf31a]
[www.dangilroy.com/wp-content/uploads/2022/02/lightgabler_1920x1080-2.jpg]
[www.dangilroy.com/wp-content/uploads/2022/02/lightgabler_1920x1080-4.jpg]
[www.dangilroy.com/wp-content/uploads/2022/02/lightgabler_1920x1080-3.jpg]
[www.dangilroy.com/portfolio/client/lightgabler/index.html]
[www.dangilroy.com/wp-content/uploads/2022/02/lightgabler_1920x1080-5.jpg]
[www.dangilroy.com/wp-json/wp/v2/pages/413.json]
[www.dangilroy.com/wp-json/oembed/1.0/embed5798.json]
[www.dangilroy.com/wp-json/oembed/1.0/embedf3cb]
[www.dangilroy.com/wp-content/uploads/2022/02/shakhnis_1920x1080-1.jpg]
[www.dangilroy.com/wp-content/uploads/2022/02/shakhnis_1920x1080-2.jpg]
[www.dangilroy.com/wp-content/uploads/2022/02/shakhnis_1920x1080-3.jpg]
[www.dangilroy.com/portfolio/client/shakhnis-law/index.html]
[www.dangilroy.com/index7ea6.html]
[www.dangilroy.com/index2dc8.html]
[www.dangilroy.com/wp-content/uploads/2022/02/shakhnis_1920x1080-4.jpg]
[www.dangilroy.com/wp-json/wp/v2/pages/651.json]
[www.dangilroy.com/wp-json/oembed/1.0/embed9494.json]
[www.dangilroy.com/wp-json/oembed/1.0/embedc757]
[www.dangilroy.com/wp-content/uploads/2022/03/hathaway-larson_1920x1080-2.jpg]
[www.dangilroy.com/wp-content/uploads/2022/03/hathaway-larson_1920x1080-3.jpg]
[www.dangilroy.com/portfolio/client/hathaway-larson/index.html]
[www.dangilroy.com/index341b.html]
[www.dangilroy.com/index0345.html]
[www.dangilroy.com/wp-content/uploads/2022/03/hathaway-larson_1920x1080-4.jpg]
[www.dangilroy.com/wp-json/wp/v2/pages/673.json]
[www.dangilroy.com/wp-json/oembed/1.0/embedb54d.json]
[www.dangilroy.com/wp-json/oembed/1.0/embed91a0]
[www.dangilroy.com/wp-content/uploads/2022/03/fkb_1920x1080-4.jpg]
[www.dangilroy.com/wp-content/uploads/2022/03/fkb_1920x1080-5.jpg]
[www.dangilroy.com/portfolio/client/furman-kornfeld-brennan/index.html]
[www.dangilroy.com/wp-content/uploads/2022/03/fkb_1920x1080-2.jpg]
[www.dangilroy.com/wp-json/wp/v2/pages/682.json]
[www.dangilroy.com/wp-json/oembed/1.0/embed8ee5.json]
[www.dangilroy.com/wp-json/oembed/1.0/embedaebf]
[www.dangilroy.com/wp-content/uploads/2022/03/smoklaw_1920x1080-3-1.jpg]
[www.dangilroy.com/wp-content/uploads/2022/03/smoklaw_1920x1080-2-1.jpg]
[www.dangilroy.com/portfolio/client/scarborough-mcneese-oelke-kilkenny-pc/index.html]
[www.dangilroy.com/index2cf9.html]
[www.dangilroy.com/wp-content/uploads/2022/03/smoklaw_1920x1080-4-1.jpg]
[www.dangilroy.com/wp-json/wp/v2/pages/654.json]
[www.dangilroy.com/wp-json/oembed/1.0/embedf74b.json]
[www.dangilroy.com/wp-json/oembed/1.0/embedd1a8]
[www.dangilroy.com/wp-content/uploads/2022/03/beeman_1920x1080-2.jpg]
[www.dangilroy.com/wp-content/uploads/2022/03/beeman_1920x1080-3.jpg]
[www.dangilroy.com/portfolio/client/beeman-mediation/index.html]
[www.dangilroy.com/wp-content/uploads/2022/03/beeman_1920x1080-4.jpg]
[www.dangilroy.com/wp-json/wp/v2/pages/754.json]
[www.dangilroy.com/wp-json/oembed/1.0/embedf87a.json]
[www.dangilroy.com/wp-json/oembed/1.0/embed92fb]
[www.dangilroy.com/portfolio/client/vermilyea-mediation/index.html]
[www.dangilroy.com/wp-content/uploads/2022/03/vermilyea_1920x1080-3.jpg]
[www.dangilroy.com/wp-json/wp/v2/pages/724.json]
[www.dangilroy.com/wp-json/oembed/1.0/embedba9d.json]
[www.dangilroy.com/wp-json/oembed/1.0/embed1547]
[www.dangilroy.com/wp-content/uploads/2022/03/eve-miller_1920x1080-1-1.jpg]
[www.dangilroy.com/wp-content/uploads/2022/03/eve-miller_1920x1080-3-1.jpg]
[www.dangilroy.com/portfolio/client/eve-miller-mediation/index.html]
[www.dangilroy.com/wp-content/uploads/2022/03/eve-miller_1920x1080-2-1.jpg]
[www.dangilroy.com/wp-json/wp/v2/pages/1053.json]
[www.dangilroy.com/wp-json/oembed/1.0/embed380f.json]
[www.dangilroy.com/wp-json/oembed/1.0/embedfb0f]
[www.dangilroy.com/wp-content/uploads/2022/03/blunck_1920x1080-2.jpg]
[www.dangilroy.com/portfolio/client/blunck-law/index.html]
[www.dangilroy.com/wp-content/uploads/2022/03/blunck_1920x1080-3.jpg]
[www.dangilroy.com/wp-json/wp/v2/pages/1062.json]
[www.dangilroy.com/wp-json/oembed/1.0/embed61b2.json]
[www.dangilroy.com/wp-json/oembed/1.0/embedc50c]
[www.dangilroy.com/wp-content/uploads/2022/03/mccarthy_1920x1080-2.jpg]
[www.dangilroy.com/wp-content/uploads/2022/03/mccarthy_1920x1080-3.jpg]
[www.dangilroy.com/portfolio/client/mccarthy-adr-services/index.html]
[www.dangilroy.com/index88b9.html]
[www.dangilroy.com/wp-content/uploads/2022/03/mccarthy_1920x1080-4.jpg]
[www.dangilroy.com/wp-json/wp/v2/pages/715.json]
[www.dangilroy.com/wp-json/oembed/1.0/embedb774.json]
[www.dangilroy.com/wp-json/oembed/1.0/embed9cdc]
[www.dangilroy.com/wp-content/uploads/2022/03/hillsboro-injury_1920x1080-2.jpg]
[www.dangilroy.com/wp-content/uploads/2022/03/hillsboro-injury_1920x1080-3.jpg]
[www.dangilroy.com/portfolio/client/hillsboro-injury-attorneys/index.html]
[www.dangilroy.com/wp-content/uploads/2022/03/hillsboro-injury_1920x1080-4.jpg]
[www.dangilroy.com/wp-json/wp/v2/pages/696.json]
[www.dangilroy.com/wp-json/oembed/1.0/embed6368.json]
[www.dangilroy.com/wp-json/oembed/1.0/embed150e]
[www.dangilroy.com/wp-content/uploads/2022/03/oakland-dui_1920x1080-4.jpg]
[www.dangilroy.com/wp-content/uploads/2022/03/oakland-dui_1920x1080-3.jpg]
[www.dangilroy.com/portfolio/client/oakland-dui-attorneys/index.html]
[www.dangilroy.com/wp-content/uploads/2022/03/oakland-dui_1920x1080-2.jpg]
[www.dangilroy.com/wp-json/wp/v2/pages/748.json]
[www.dangilroy.com/wp-json/oembed/1.0/embed2a62.json]
[www.dangilroy.com/wp-json/oembed/1.0/embed3bc5]
[www.dangilroy.com/wp-content/uploads/2022/03/medford-dui_1920x1080-3.jpg]
[www.dangilroy.com/portfolio/client/medford-dui-attorneys/index.html]
[www.dangilroy.com/wp-content/uploads/2022/03/medford-dui_1920x1080-2.jpg]
[www.dangilroy.com/wp-json/wp/v2/pages/699.json]
[www.dangilroy.com/wp-json/oembed/1.0/embed6e53.json]
[www.dangilroy.com/wp-json/oembed/1.0/embed52f9]
[www.dangilroy.com/wp-content/uploads/2022/03/zanotelli_1920x1080-4.jpg]
[www.dangilroy.com/wp-content/uploads/2022/03/zanotelli_1920x1080-2.jpg]
[www.dangilroy.com/wp-content/uploads/2022/03/zanotelli_1920x1080-3.jpg]
[www.dangilroy.com/portfolio/client/brian-zanotelli/index.html]
[www.dangilroy.com/wp-content/uploads/2022/03/zanotelli_1920x1080-5.jpg]
[www.dangilroy.com/wp-json/wp/v2/pages/738.json]
[www.dangilroy.com/wp-json/oembed/1.0/embed368d.json]
[www.dangilroy.com/wp-json/oembed/1.0/embedae53]
[www.dangilroy.com/wp-content/uploads/2022/03/olg_1920x1080-2.jpg]
[www.dangilroy.com/wp-content/uploads/2022/03/olg_1920x1080-3.jpg]
[www.dangilroy.com/portfolio/client/oregon-law-group/index.html]
[www.dangilroy.com/index5721.html]
[www.dangilroy.com/index4579.html]
[www.dangilroy.com/index94b0.html]
[www.dangilroy.com/wp-content/uploads/2022/03/olg_1920x1080-4.jpg]
[www.dangilroy.com/wp-json/wp/v2/posts/137.json]
[www.dangilroy.com/oregon-defense-firm-focused-on-defending-medical-and-healthcare-providers-launches-new-website/feed/index.html]
[www.dangilroy.com/wp-json/oembed/1.0/embed9a6a.json]
[www.dangilroy.com/wp-json/oembed/1.0/embed8eb6]
[www.dangilroy.com/wp-content/uploads/2022/02/keating-jones_1920x1080-2-1024x576.jpg]
[www.dangilroy.com/oregon-defense-firm-focused-on-defending-medical-and-healthcare-providers-launches-new-website/index.html]
[www.dangilroy.com/wp-content/uploads/2022/03/Screen-Shot-2022-03-02-at-1.28.45-PM-1024x576.jpg]
[www.dangilroy.com/new-york-intellectual-property-law-firm-launches-new-website/feed/index.html]
[www.dangilroy.com/wp-json/wp/v2/posts/1252.json]
[www.dangilroy.com/wp-json/oembed/1.0/embedb2b9.json]
[www.dangilroy.com/wp-json/oembed/1.0/embed7231]
[www.dangilroy.com/new-york-intellectual-property-law-firm-launches-new-website/index.html]
[www.dangilroy.com/wp-content/uploads/2022/03/boag_1920x1080-7-1024x576.jpg]
[www.dangilroy.com/wp-json/wp/v2/posts/808.json]
[www.dangilroy.com/central-california-law-firm-baker-manock-jensen-unveils-new-website/feed/index.html]
[www.dangilroy.com/wp-json/oembed/1.0/embed31e0.json]
[www.dangilroy.com/wp-json/oembed/1.0/embed69f4]
[www.dangilroy.com/wp-content/uploads/2022/01/baker-manock-jensen-2-1024x576.jpg]
[www.dangilroy.com/central-california-law-firm-baker-manock-jensen-unveils-new-website/index.html]
[www.dangilroy.com/wp-content/uploads/2022/03/bmj_1920x1080-10-1024x563.jpg]
[www.dangilroy.com/wp-json/wp/v2/posts/1270.json]
[www.dangilroy.com/florida-criminal-defense-attorney-launches-new-website-and-brand/feed/index.html]
[www.dangilroy.com/wp-json/oembed/1.0/embed6070.json]
[www.dangilroy.com/wp-json/oembed/1.0/embedb067]
[www.dangilroy.com/wp-content/uploads/2022/02/spellacy_1920x1080-2-1024x576.jpg]
[www.dangilroy.com/florida-criminal-defense-attorney-launches-new-website-and-brand/index.html]
[www.dangilroy.com/index6c46.html]
[www.dangilroy.com/indexc807.html]
[www.dangilroy.com/indexb833.html]
[www.dangilroy.com/index5c97.html]
[www.dangilroy.com/indexef92.html]
[www.dangilroy.com/indexbc6e.html]
[www.dangilroy.com/index18ee.html]
[www.dangilroy.com/index9076.html]
[www.dangilroy.com/index1bad.html]
[www.dangilroy.com/indexd8bc.html]
[www.dangilroy.com/index5294.html]
[www.dangilroy.com/index7c4a.html]
[www.dangilroy.com/wp-content/uploads/2022/02/spellacy_1920x1080-3-1024x576.jpg]
[www.dangilroy.com/wp-json/wp/v2/categories/5.json]
[www.dangilroy.com/category/new-law-firm-website/index.html]
[www.dangilroy.com/indexb6ad.html]
[www.dangilroy.com/category/new-law-firm-website/feed/index.html]
[www.dangilroy.com/category/law-firm-marketing-tips/feed/index.html]
[www.dangilroy.com/wp-json/wp/v2/categories/19.json]
[www.dangilroy.com/category/law-firm-marketing-tips/index.html]
[www.dangilroy.com/indexcc0f.html]
[www.dangilroy.com/wp-content/cache/autoptimize/css/autoptimize_8c849d6bf70113639ba5d0d31c8a5022.css]
[www.dangilroy.com/index553d.html]
[www.dangilroy.com/wp-json/wp/v2/pages/1513.json]
[www.dangilroy.com/wp-json/oembed/1.0/embed5753.json]
[www.dangilroy.com/wp-json/oembed/1.0/embed6635]
[www.dangilroy.com/new-mexico-law-firm-website-design/index.html]
[www.dangilroy.com/wp-content/uploads/2022/03/askew_1920x1080-1.jpg]
[www.dangilroy.com/wp-json/wp/v2/pages/1507.json]
[www.dangilroy.com/wp-json/oembed/1.0/embedd763.json]
[www.dangilroy.com/wp-json/oembed/1.0/embed43ef]
[www.dangilroy.com/real-estate-attorney-website-design/index.html]
[www.dangilroy.com/wp-content/uploads/2022/03/brix_1920x1080-1.jpg]
[www.dangilroy.com/wp-json/wp/v2/pages/1504.json]
[www.dangilroy.com/wp-json/oembed/1.0/embedc17d.json]
[www.dangilroy.com/wp-json/oembed/1.0/embed1a45]
[www.dangilroy.com/defense-attorney-websites/index.html]
[www.dangilroy.com/wp-content/uploads/2022/02/thompson_1920x1080-3.jpg]
[www.dangilroy.com/wp-json/wp/v2/pages/1499.json]
[www.dangilroy.com/wp-json/oembed/1.0/embed811b.json]
[www.dangilroy.com/wp-json/oembed/1.0/embed03f3]
[www.dangilroy.com/portland-lawyer-website-design/index.html]
[www.dangilroy.com/wp-json/wp/v2/pages/1489.json]
[www.dangilroy.com/wp-json/oembed/1.0/embed90e4.json]
[www.dangilroy.com/wp-json/oembed/1.0/embed4b3f]
[www.dangilroy.com/wp-content/uploads/2022/03/esquanazi_1920x1080-1-1.jpg]
[www.dangilroy.com/florida-law-firm-website-design/index.html]
[www.dangilroy.com/wp-content/uploads/2022/03/joines_1920x1080-1.jpg]
[www.dangilroy.com/wp-json/wp/v2/pages/1482.json]
[www.dangilroy.com/wp-json/oembed/1.0/embedd7d2.json]
[www.dangilroy.com/wp-json/oembed/1.0/embed3e8a]
[www.dangilroy.com/portland-law-firm-website-design/index.html]
[www.dangilroy.com/wp-json/wp/v2/pages/1475.json]
[www.dangilroy.com/wp-json/oembed/1.0/embedc28b.json]
[www.dangilroy.com/wp-json/oembed/1.0/embedc516]
[www.dangilroy.com/florida-injury-lawyer-website-design/index.html]
[www.dangilroy.com/wp-json/wp/v2/pages/1455.json]
[www.dangilroy.com/wp-json/oembed/1.0/embed599a.json]
[www.dangilroy.com/wp-json/oembed/1.0/embed83ad]
[www.dangilroy.com/personal-injury-website-design/index.html]
[www.dangilroy.com/wp-content/uploads/2022/03/mcdonnell_1920x1080-1.jpg]
[www.dangilroy.com/wp-json/wp/v2/pages/86.json]
[www.dangilroy.com/wp-json/oembed/1.0/embed5ed4.json]
[www.dangilroy.com/wp-json/oembed/1.0/embed7223]
[www.dangilroy.com/wp-content/uploads/2022/03/fkb_1920x1080-1-1.jpg]
[www.dangilroy.com/wp-content/uploads/2022/03/lynn-gartner_1920x1080-1.jpg]
[www.dangilroy.com/new-york-law-firm-website-design/index.html]
[www.dangilroy.com/wp-content/uploads/2022/03/seltzer-sussman_1920x1080-1.jpg]
[www.dangilroy.com/wp-json/wp/v2/pages/531.json]
[www.dangilroy.com/wp-json/oembed/1.0/embed16bb.json]
[www.dangilroy.com/wp-json/oembed/1.0/embedfe2d]
[www.dangilroy.com/portfolio/index.html]
[www.dangilroy.com/wp-json/wp/v2/pages/533.json]
[www.dangilroy.com/wp-json/oembed/1.0/embedd70c.json]
[www.dangilroy.com/wp-json/oembed/1.0/embedf1cb]
[www.dangilroy.com/portfolio/client/index.html]
[www.dangilroy.com/wp-json/wp/v2/pages/1857.json]
[www.dangilroy.com/wp-json/oembed/1.0/embedc2dd.json]
[www.dangilroy.com/wp-json/oembed/1.0/embed5c01]
[www.dangilroy.com/wp-content/uploads/2022/06/vogele_1920x1080-1.jpg]
[www.dangilroy.com/wp-content/uploads/2022/06/vogele_1920x1080-2.jpg]
[www.dangilroy.com/portfolio/client/jim-vogele/index.html]
[www.dangilroy.com/wp-content/uploads/2022/06/vogele_1920x1080-3.jpg]
[www.dangilroy.com/wp-json/wp/v2/pages/1552.json]
[www.dangilroy.com/wp-json/oembed/1.0/embed2bdc.json]
[www.dangilroy.com/wp-json/oembed/1.0/embed9dd9]
[www.dangilroy.com/thank-you/index.html]
[www.dangilroy.com/_8.html]
[www.dangilroy.com/statcounter.com/counter/counter.html]
[www.dangilroy.com/statcounter.com/counter/counter_test.html]
[www.dangilroy.com/statcounter.com/localstorage/index.html]
[www.statcounter.com/counter/recorder.js]
[www.dangilroy.com/index8fe5.html]
[www.dangilroy.com/indexd728.html]
[www.dangilroy.com/indexe2aa.html]
[www.dangilroy.com/index65a9.html]
[www.dangilroy.com/indexcb8c.html]
[www.dangilroy.com/index5355.html]
[www.dangilroy.com/index60bd.html]
[www.dangilroy.com/index2023.html]
[www.dangilroy.com/index2e25.html]
[www.dangilroy.com/index17d3.html]
[www.dangilroy.com/index672e.html]
[www.dangilroy.com/indexa26f.html]
[www.dangilroy.com/index8631.html]
[www.dangilroy.com/index31fc.html]
[www.dangilroy.com/indexa818.html]
[www.dangilroy.com/index62bc.html]
[www.dangilroy.com/index52c0.html]
[www.dangilroy.com/index6c4a.html]
[www.dangilroy.com/index942e.html]
[www.dangilroy.com/index0c63.html]
[www.dangilroy.com/indexca55.html]
[www.dangilroy.com/indexa8fe.html]
[www.dangilroy.com/index1c50.html]
[www.dangilroy.com/index9c73.html]
[www.dangilroy.com/index60d6.html]
[www.dangilroy.com/indexb09c.html]
[www.dangilroy.com/indexef2e.html]
[www.dangilroy.com/index3662.html]
[www.dangilroy.com/indexb95d.html]
[www.dangilroy.com/index39a7.html]
[www.dangilroy.com/index7dd5.html]
[www.dangilroy.com/indexaf1d.html]
[www.dangilroy.com/index5907.html]
[www.dangilroy.com/indexbac1.html]
[www.dangilroy.com/indexd8a3.html]
[www.dangilroy.com/indexe11a.html]
[www.dangilroy.com/index6213.html]
[www.dangilroy.com/index7398.html]
[www.dangilroy.com/index7414.html]
[www.dangilroy.com/index5d9e.html]
[www.dangilroy.com/index348c.html]
